// Jest Snapshot v1, https://goo.gl/fbAQLP

exports[`Details Test Suits Should Render Details Component 1`] = `
Object {
  "asFragment": [Function],
  "baseElement": <body>
    <div>
      <div>
        <div
          class="details-all-stats"
        >
          BITCOIN
        </div>
        <div
          class="details-top-details"
        >
          <div
            class="details-crypto-icon"
          >
            <img
              alt="Crypto"
              src="https://cdn.coinranking.com/bOabBYkcX/bitcoin_btc.svg"
            />
          </div>
          <div
            class="details-crypto-intro"
          >
            <span>
              <span>
                Crypto Currency: 
              </span>
              <span>
                Bitcoin
              </span>
            </span>
            <span>
              <span>
                Price In BTC: 
              </span>
              <span>
                1
              </span>
            </span>
            <span>
              <a
                href="https://coinranking.com/coin/Qwsogvtv82FCd+bitcoin-btc"
                target="_blank"
              >
                External Resource
              </a>
            </span>
          </div>
        </div>
        <div
          class="details-crypto-analytics"
        >
          <div>
            <span>
              Name: 
            </span>
            <span>
              Bitcoin
            </span>
          </div>
          <div>
            <span>
              Volume in 24h:
            </span>
            <span>
              12,581,186,855 $
            </span>
          </div>
          <div>
            <span>
              Market Capital:
            </span>
            <span>
              586,699,044,075 $
            </span>
          </div>
          <div>
            <span>
              Price in USD: 
            </span>
            <span>
              30,525.981 $
            </span>
          </div>
          <div>
            <span>
              Listed At:
            </span>
            <span>
              2012-1-26
            </span>
          </div>
          <div>
            <span>
              Change in 24h: 
            </span>
            <span>
              0.50
            </span>
          </div>
          <div>
            <span>
              Rank: 
            </span>
            <span>
              1
            </span>
          </div>
          <div>
            <span>
              Low Volume: 
            </span>
            <span />
          </div>
        </div>
      </div>
      ,
    </div>
  </body>,
  "container": <div>
    <div>
      <div
        class="details-all-stats"
      >
        BITCOIN
      </div>
      <div
        class="details-top-details"
      >
        <div
          class="details-crypto-icon"
        >
          <img
            alt="Crypto"
            src="https://cdn.coinranking.com/bOabBYkcX/bitcoin_btc.svg"
          />
        </div>
        <div
          class="details-crypto-intro"
        >
          <span>
            <span>
              Crypto Currency: 
            </span>
            <span>
              Bitcoin
            </span>
          </span>
          <span>
            <span>
              Price In BTC: 
            </span>
            <span>
              1
            </span>
          </span>
          <span>
            <a
              href="https://coinranking.com/coin/Qwsogvtv82FCd+bitcoin-btc"
              target="_blank"
            >
              External Resource
            </a>
          </span>
        </div>
      </div>
      <div
        class="details-crypto-analytics"
      >
        <div>
          <span>
            Name: 
          </span>
          <span>
            Bitcoin
          </span>
        </div>
        <div>
          <span>
            Volume in 24h:
          </span>
          <span>
            12,581,186,855 $
          </span>
        </div>
        <div>
          <span>
            Market Capital:
          </span>
          <span>
            586,699,044,075 $
          </span>
        </div>
        <div>
          <span>
            Price in USD: 
          </span>
          <span>
            30,525.981 $
          </span>
        </div>
        <div>
          <span>
            Listed At:
          </span>
          <span>
            2012-1-26
          </span>
        </div>
        <div>
          <span>
            Change in 24h: 
          </span>
          <span>
            0.50
          </span>
        </div>
        <div>
          <span>
            Rank: 
          </span>
          <span>
            1
          </span>
        </div>
        <div>
          <span>
            Low Volume: 
          </span>
          <span />
        </div>
      </div>
    </div>
    ,
  </div>,
  "debug": [Function],
  "findAllByAltText": [Function],
  "findAllByDisplayValue": [Function],
  "findAllByLabelText": [Function],
  "findAllByPlaceholderText": [Function],
  "findAllByRole": [Function],
  "findAllByTestId": [Function],
  "findAllByText": [Function],
  "findAllByTitle": [Function],
  "findByAltText": [Function],
  "findByDisplayValue": [Function],
  "findByLabelText": [Function],
  "findByPlaceholderText": [Function],
  "findByRole": [Function],
  "findByTestId": [Function],
  "findByText": [Function],
  "findByTitle": [Function],
  "getAllByAltText": [Function],
  "getAllByDisplayValue": [Function],
  "getAllByLabelText": [Function],
  "getAllByPlaceholderText": [Function],
  "getAllByRole": [Function],
  "getAllByTestId": [Function],
  "getAllByText": [Function],
  "getAllByTitle": [Function],
  "getByAltText": [Function],
  "getByDisplayValue": [Function],
  "getByLabelText": [Function],
  "getByPlaceholderText": [Function],
  "getByRole": [Function],
  "getByTestId": [Function],
  "getByText": [Function],
  "getByTitle": [Function],
  "queryAllByAltText": [Function],
  "queryAllByDisplayValue": [Function],
  "queryAllByLabelText": [Function],
  "queryAllByPlaceholderText": [Function],
  "queryAllByRole": [Function],
  "queryAllByTestId": [Function],
  "queryAllByText": [Function],
  "queryAllByTitle": [Function],
  "queryByAltText": [Function],
  "queryByDisplayValue": [Function],
  "queryByLabelText": [Function],
  "queryByPlaceholderText": [Function],
  "queryByRole": [Function],
  "queryByTestId": [Function],
  "queryByText": [Function],
  "queryByTitle": [Function],
  "rerender": [Function],
  "unmount": [Function],
}
`;
