// Jest Snapshot v1, https://goo.gl/fbAQLP

exports[`Navigation Bar test suit Should render a navigation bar 1`] = `
Object {
  "asFragment": [Function],
  "baseElement": <body>
    <div>
      <nav
        class="nav"
      >
        <span
          class="logo"
        >
          <a
            href="/"
          >
            <img
              alt="logo"
              class="back-button"
              src="back.svg"
            />
          </a>
        </span>
        <span
          class="nav-title"
        />
        <span
          class="nav-icon"
        >
          <img
            alt=""
            src="microphone.svg"
          />
          <img
            alt=""
            src="setting.svg"
          />
        </span>
      </nav>
    </div>
  </body>,
  "container": <div>
    <nav
      class="nav"
    >
      <span
        class="logo"
      >
        <a
          href="/"
        >
          <img
            alt="logo"
            class="back-button"
            src="back.svg"
          />
        </a>
      </span>
      <span
        class="nav-title"
      />
      <span
        class="nav-icon"
      >
        <img
          alt=""
          src="microphone.svg"
        />
        <img
          alt=""
          src="setting.svg"
        />
      </span>
    </nav>
  </div>,
  "debug": [Function],
  "findAllByAltText": [Function],
  "findAllByDisplayValue": [Function],
  "findAllByLabelText": [Function],
  "findAllByPlaceholderText": [Function],
  "findAllByRole": [Function],
  "findAllByTestId": [Function],
  "findAllByText": [Function],
  "findAllByTitle": [Function],
  "findByAltText": [Function],
  "findByDisplayValue": [Function],
  "findByLabelText": [Function],
  "findByPlaceholderText": [Function],
  "findByRole": [Function],
  "findByTestId": [Function],
  "findByText": [Function],
  "findByTitle": [Function],
  "getAllByAltText": [Function],
  "getAllByDisplayValue": [Function],
  "getAllByLabelText": [Function],
  "getAllByPlaceholderText": [Function],
  "getAllByRole": [Function],
  "getAllByTestId": [Function],
  "getAllByText": [Function],
  "getAllByTitle": [Function],
  "getByAltText": [Function],
  "getByDisplayValue": [Function],
  "getByLabelText": [Function],
  "getByPlaceholderText": [Function],
  "getByRole": [Function],
  "getByTestId": [Function],
  "getByText": [Function],
  "getByTitle": [Function],
  "queryAllByAltText": [Function],
  "queryAllByDisplayValue": [Function],
  "queryAllByLabelText": [Function],
  "queryAllByPlaceholderText": [Function],
  "queryAllByRole": [Function],
  "queryAllByTestId": [Function],
  "queryAllByText": [Function],
  "queryAllByTitle": [Function],
  "queryByAltText": [Function],
  "queryByDisplayValue": [Function],
  "queryByLabelText": [Function],
  "queryByPlaceholderText": [Function],
  "queryByRole": [Function],
  "queryByTestId": [Function],
  "queryByText": [Function],
  "queryByTitle": [Function],
  "rerender": [Function],
  "unmount": [Function],
}
`;
